// Jest Snapshot v1, https://goo.gl/fbAQLP

exports[`test KeyCombiner suite snapshot match 1`] = `
<span
  data-testid="test_keyCombiner"
>
  <div>
    command+shift+f
  </div>
</span>
`;
